 AS V1.42 Beta [Bld 114] - source file test.asm - page 1 - 10/1/2017 17:13:10


       1/       0 :                     
       2/       0 :                     	cpu 	1802
       3/       0 :                     	
       4/       0 :                     return macro
       5/       0 :                     	dis
       6/       0 :                     	endm
       7/       0 :                     
       8/       0 : =0H                 r0 = 0 															; not used (may be used in interrupt display)
       9/       0 : =1H                 r1 = 1 															; interrupt register
      10/       0 : =2H                 r2 = 2 															; stack pointer
      11/       0 :                     
      12/       0 : =CH                 rUtilPC = 12 													; used as P register calling routines (not mandated)
      13/       0 : =DH                 rSubPC = 13														; used as P register to call routines within routines
      14/       0 : =EH                 rParam1 = 14 													; subroutine parameters/return values.
      15/       0 : =FH                 rParam2 = 15
      16/       0 :                     
      17/       0 :                     ldr macro 	r,n
      18/       0 :                     	ldi 	(n)/256
      19/       0 :                     	phi 	r
      20/       0 :                     	ldi 	(n)&255
      21/       0 :                     	plo 	r
      22/       0 :                     	endm
      23/       0 :                     
      24/       0 :                     
      25/       0 : 71                  	dis
      26/       1 : 00                  	db 		0
      27/       2 :                     
      28/       2 : (MACRO)             	ldr 	r2,3FFFh
      28/       2 : F8 3F                       ldi     (3FFFH)/256
      28/       4 : B2                          phi     R2
      28/       5 : F8 FF                       ldi     (3FFFH)&255
      28/       7 : A2                          plo     R2
      29/       8 : E2                  	sex 	r2
      30/       9 : (MACRO)             	ldr 	rParam1,65432
      30/       9 : F8 FF                       ldi     (65432)/256
      30/       B : BE                          phi     RPARAM1
      30/       C : F8 98                       ldi     (65432)&255
      30/       E : AE                          plo     RPARAM1
      31/       F : (MACRO)             	ldr 	rParam2,buffer-1
      31/       F : F8 00                       ldi     (BUFFER-1)/256
      31/      11 : BF                          phi     RPARAM2
      31/      12 : F8 25                       ldi     (BUFFER-1)&255
      31/      14 : AF                          plo     RPARAM2
      32/      15 : (MACRO)             	ldr 	rUtilPC,IntegerToASCII
      32/      15 : F8 01                       ldi     (INTEGERTOASCII)/256
      32/      17 : BC                          phi     RUTILPC
      32/      18 : F8 02                       ldi     (INTEGERTOASCII)&255
      32/      1A : AC                          plo     RUTILPC
      33/      1B :                     
      34/      1B : 79                  	mark	
      35/      1C : DC                  	sep 	rUtilPC
      36/      1D : 22                  	dec 	r2
      37/      1E :                     
      38/      1E :                     wait:
      39/      1E : 30 1E               	br 	wait
      40/      20 :                     
      41/      20 : 01 01 01 01 01 01   	db 	1,1,1,1,1,1
      42/      26 :                     buffer:
      43/      26 :                     
      44/     100 :                     	org 		100h
 AS V1.42 Beta [Bld 114] - source file test.asm - page 2 - 10/1/2017 17:13:10


      45/     100 :                     	include 	itoa.asm
(1)    1/     100 :                     ; ***************************************************************************************************************
(1)    2/     100 :                     ; ***************************************************************************************************************
(1)    3/     100 :                     ;
(1)    4/     100 :                     ;		File:		itoa.asm
(1)    5/     100 :                     ;		Purpose:	Convert 16 bit integer to ASCIIZ string
(1)    6/     100 :                     ;		Author:		Paul Robson (paul@robsons.org.uk)
(1)    7/     100 :                     ;		Date:		10th January 2017.
(1)    8/     100 :                     ;		Size: 		47 bytes.
(1)    9/     100 :                     ;
(1)   10/     100 :                     ; ***************************************************************************************************************
(1)   11/     100 :                     ; ***************************************************************************************************************
(1)   12/     100 :                     
(1)   13/     100 :                     ; *******************************************************************************************************************
(1)   14/     100 :                     ;
(1)   15/     100 :                     ;	rParam1 is the number to convert. rParam2 is the end of the buffer, the digits are written backwards. On exit.
(1)   16/     100 :                     ;	rParam2 points to the string terminated in a NULL character. The NULL character is at the original value
(1)   17/     100 :                     ;	of rParam2. 
(1)   18/     100 :                     ;
(1)   19/     100 :                     ; *******************************************************************************************************************
(1)   20/     100 :                     
(1)   21/     100 :                     __ITOAExit:
(1)   22/     100 : 12                  	inc 	r2
(1)   23/     101 : (MACRO)             	return
(1)   23/     101 : 71                          dis
(1)   24/     102 :                     
(1)   25/     102 :                     IntegerToASCII:
(1)   26/     102 : E2                  	sex 	r2 															; index back at 2
(1)   27/     103 : F8 00               	ldi 	0 															; write the NULL terminator.
(1)   28/     105 : 5F                  	str 	rParam2
(1)   29/     106 :                     __ITOALoop:
(1)   30/     106 : 73                  	stxd 																; push dummy value, digit return stored here.
(1)   31/     107 : 9F                  	ghi 	rParam2 													; push rParam2 on the stack.
(1)   32/     108 : 73                  	stxd
(1)   33/     109 : 8F                  	glo	 	rParam2
(1)   34/     10A : 73                  	stxd
(1)   35/     10B : F8 00               	ldi 	0		 													; set to divide by 10.
(1)   36/     10D : BF                  	phi 	rParam2
(1)   37/     10E : F8 0A               	ldi 	10
(1)   38/     110 : AF                  	plo 	rParam2
(1)   39/     111 : F8 01               	ldi 	Divide/256
(1)   40/     113 : BD                  	phi 	rSubPC
(1)   41/     114 : F8 58               	ldi 	Divide&255
(1)   42/     116 : AD                  	plo 	rSubPC
(1)   43/     117 : 79                  	mark  
(1)   44/     118 : DD                  	sep 	rSubPC 														; do the call.
(1)   45/     119 : 12                  	inc 	r2
(1)   46/     11A : 12                  	inc 	r2 															; save digit result in dummy space
(1)   47/     11B : 8F                  	glo 	rParam2
(1)   48/     11C : 73                  	stxd 
(1)   49/     11D : 22                  	dec 	r2 															; now points to memory pointer for result
(1)   50/     11E : 42                  	lda 	r2 															; restore buffer pointer
(1)   51/     11F : AF                  	plo 	rParam2
(1)   52/     120 : 42                  	lda 	r2
(1)   53/     121 : BF                  	phi 	rParam2
(1)   54/     122 : 02                  	ldn 	r2 															; restore digit
(1)   55/     123 : F9 30               	ori		'0'															; make ASCII 
(1)   56/     125 : 2F                  	dec 	rParam2 													; back one character.
(1)   57/     126 : 5F                  	str 	rParam2 													; write into buffer
(1)   58/     127 :                     
 AS V1.42 Beta [Bld 114] - source file test.asm(itoa.asm) - page 3 - 10/1/2017 17:13:10


(1)   59/     127 : 8E                  	glo 	rParam1 													; go around again if non-zero
(1)   60/     128 : 3A 06               	bnz 	__ITOALoop
(1)   61/     12A : 9E                  	ghi 	rParam1
(1)   62/     12B : 3A 06               	bnz 	__ITOALoop
(1)   63/     12D : 30 00               	br 		__ITOAExit 													; and prepare to exit.
      46/     12F :                     	include 	multiply.asm
(1)    1/     12F :                     ; ***************************************************************************************************************
(1)    2/     12F :                     ; ***************************************************************************************************************
(1)    3/     12F :                     ;
(1)    4/     12F :                     ;		File:		multiply.asm
(1)    5/     12F :                     ;		Purpose:	Multiply two 16 bit integers.
(1)    6/     12F :                     ;		Author:		Paul Robson (paul@robsons.org.uk)
(1)    7/     12F :                     ;		Date:		9th January 2017.
(1)    8/     12F :                     ;		Size: 		41 bytes.
(1)    9/     12F :                     ;
(1)   10/     12F :                     ; ***************************************************************************************************************
(1)   11/     12F :                     ; ***************************************************************************************************************
(1)   12/     12F :                     
(1)   13/     12F :                     ; *******************************************************************************************************************
(1)   14/     12F :                     ;
(1)   15/     12F :                     ;	Multiply the values in rParam1 and rParam2 , returning result in rParam1.
(1)   16/     12F :                     ;
(1)   17/     12F :                     ; *******************************************************************************************************************
(1)   18/     12F :                     
(1)   19/     12F :                     __MULExit:
(1)   20/     12F : 42                  	lda 	r2 															; pop LSB result off stack.
(1)   21/     130 : AE                  	plo 	rParam1
(1)   22/     131 : 42                  	lda 	r2  														; pop MSB result off stack, do inc r2
(1)   23/     132 : BE                  	phi 	rParam1
(1)   24/     133 : (MACRO)             	return
(1)   24/     133 : 71                          dis
(1)   25/     134 :                     
(1)   26/     134 :                     Multiply:
(1)   27/     134 : E2                  	sex 	r2 															; back using R2 as the index register
(1)   28/     135 : F8 00               	ldi 	0 															; reset the result, which is on the stack.
(1)   29/     137 : 73                  	stxd	
(1)   30/     138 : 52                  	str 	r2
(1)   31/     139 :                     
(1)   32/     139 :                     __MULLoop:
(1)   33/     139 :                     
(1)   34/     139 : 9E                  	ghi 	rParam1 													; shift first multiplier right into DF
(1)   35/     13A : F6                  	shr
(1)   36/     13B : BE                  	phi 	rParam1
(1)   37/     13C : 8E                  	glo 	rParam1
(1)   38/     13D : 76                  	rshr
(1)   39/     13E : AE                  	plo 	rParam1
(1)   40/     13F : 3B 48               	bnf 	__MULDontAdd 												; if DF is set add rParam2 to the result.
(1)   41/     141 :                     
(1)   42/     141 : 8F                  	glo 	rParam2 													; add rParam2 to result on TOS.
(1)   43/     142 : F4                  	add 
(1)   44/     143 : 52                  	str 	r2
(1)   45/     144 : 12                  	inc 	r2
(1)   46/     145 : 9F                  	ghi 	rParam2
(1)   47/     146 : 74                  	adc
(1)   48/     147 : 73                  	stxd 
(1)   49/     148 :                     
(1)   50/     148 :                     __MULDontAdd:
(1)   51/     148 : 8F                  	glo 	rParam2 													; shift rParam2 left
(1)   52/     149 : FE                  	shl
(1)   53/     14A : AF                  	plo 	rParam2
 AS V1.42 Beta [Bld 114] - source file test.asm(multiply.asm) - page 4 - 10/1/2017 17:13:10


(1)   54/     14B : 9F                  	ghi 	rParam2
(1)   55/     14C : 7E                  	rshl
(1)   56/     14D : BF                  	phi 	rParam2
(1)   57/     14E :                     
(1)   58/     14E : 8E                  	glo 	rParam1 													; is first multiplier non zero, if not go back.
(1)   59/     14F : 3A 39               	bnz 	__MULLoop
(1)   60/     151 : 9E                  	ghi 	rParam1
(1)   61/     152 : 3A 39               	bnz 	__MULLoop
(1)   62/     154 : 30 2F               	br 		__MULExit 													; both are zero, so exit.	
      47/     156 :                     	include 	divide.asm
(1)    1/     156 :                     ; ***************************************************************************************************************
(1)    2/     156 :                     ; ***************************************************************************************************************
(1)    3/     156 :                     ;
(1)    4/     156 :                     ;		File:		divide.asm
(1)    5/     156 :                     ;		Purpose:	Divide two 16 bit integers.
(1)    6/     156 :                     ;		Author:		Paul Robson (paul@robsons.org.uk)
(1)    7/     156 :                     ;		Date:		9th January 2017.
(1)    8/     156 :                     ;		Size: 		54 bytes.
(1)    9/     156 :                     ;
(1)   10/     156 :                     ; ***************************************************************************************************************
(1)   11/     156 :                     ; ***************************************************************************************************************
(1)   12/     156 :                     
(1)   13/     156 :                     ; *******************************************************************************************************************
(1)   14/     156 :                     ;
(1)   15/     156 :                     ;				Calculate rParam1 / rParam2.  Result in rParam1. Remainder in rParam2.
(1)   16/     156 :                     ;
(1)   17/     156 :                     ; *******************************************************************************************************************
(1)   18/     156 :                     
(1)   19/     156 :                     __DIVExit:
(1)   20/     156 : 12                  	inc 	r2 															; point to XP on the stack
(1)   21/     157 : (MACRO)             	return
(1)   21/     157 : 71                          dis
(1)   22/     158 :                     
(1)   23/     158 :                     Divide:
(1)   24/     158 : E2                  	sex 	r2 															; back using R2 as the index register
(1)   25/     159 :                     																		; rParam1 is the dividend.
(1)   26/     159 :                     																		; rParam2 is the remainder.
(1)   27/     159 :                     																		; tos is [divisor:2][counter:1] 
(1)   28/     159 :                     
(1)   29/     159 : F8 10               	ldi 	16															; push counter on stack - 16 because post	
(1)   30/     15B : 73                  	stxd 																; decrements in main loop.
(1)   31/     15C :                     
(1)   32/     15C : 9F                  	ghi 	rParam2 													; push divisor on stack.
(1)   33/     15D : 73                  	stxd
(1)   34/     15E : 8F                  	glo 	rParam2
(1)   35/     15F : 52                  	str 	r2 	
(1)   36/     160 :                     	
(1)   37/     160 : F8 00               	ldi 	0 															; clear the remainder
(1)   38/     162 : BF                  	phi 	rParam2
(1)   39/     163 : AF                  	plo 	rParam2
(1)   40/     164 : F4                  	add 																; anything + 0 clears DF.
(1)   41/     165 :                     
(1)   42/     165 :                     __DIVLoopIncR2IncR2:
(1)   43/     165 : 12                  	inc		r2 															; point R2 back to the counter.
(1)   44/     166 :                     __DIVLoopIncR2:
(1)   45/     166 : 12                  	inc 	r2
(1)   46/     167 :                     
(1)   47/     167 :                     __DIVLoop:
(1)   48/     167 :                     
(1)   49/     167 : 8E                  	glo 	rParam1 													; shift DF into dividend, shift old bit 15 to DF
 AS V1.42 Beta [Bld 114] - source file test.asm(divide.asm) - page 5 - 10/1/2017 17:13:10


(1)   50/     168 : 7E                  	rshl
(1)   51/     169 : AE                  	plo 	rParam1
(1)   52/     16A : 9E                  	ghi 	rParam1
(1)   53/     16B : 7E                  	rshl
(1)   54/     16C : BE                  	phi 	rParam1
(1)   55/     16D :                     
(1)   56/     16D : 02                  	ldn 	r2 															; look at counter.
(1)   57/     16E : 32 56               	bz 		__DIVExit 													; if zero then complete (decrement done later)
(1)   58/     170 :                     
(1)   59/     170 : 8F                  	glo	 	rParam2 													; shift DF into then remainder (rParam2)
(1)   60/     171 : 7E                  	rshl
(1)   61/     172 : AF                  	plo 	rParam2
(1)   62/     173 : 9F                  	ghi 	rParam2
(1)   63/     174 : 7E                  	rshl
(1)   64/     175 : BF                  	phi 	rParam2
(1)   65/     176 :                     
(1)   66/     176 : 02                  	ldn 	r2 															; decrement the counter (AFTER the test)
(1)   67/     177 : FF 01               	smi 	1
(1)   68/     179 : 73                  	stxd 																; when saving back, point R2 to divisor LSB.
(1)   69/     17A : 22                  	dec 	r2
(1)   70/     17B :                     
(1)   71/     17B : 8F                  	glo 	rParam2 													; calculate remainder.0 - divisor.0
(1)   72/     17C : F7                  	sm
(1)   73/     17D : 22                  	dec 	r2 															; save the interim value below the LSB.
(1)   74/     17E : 52                  	str 	r2
(1)   75/     17F : 12                  	inc 	r2 															; to LSB
(1)   76/     180 : 12                  	inc		r2 															; to MSB
(1)   77/     181 : 9F                  	ghi 	rParam2 													; calculate remainder.1 - divisor.1
(1)   78/     182 : 77                  	smb
(1)   79/     183 :                     
(1)   80/     183 : 3B 66               	bnf 	__DIVLoopIncR2 												; if DF = 0 then inc r2 (to ctr) and loop back
(1)   81/     185 :                     
(1)   82/     185 : BF                  	phi 	rParam2 													; copy result to remainder
(1)   83/     186 : 22                  	dec 	r2 															; to divisor.0
(1)   84/     187 : 22                  	dec 	r2 															; to temp result
(1)   85/     188 : 42                  	lda 	r2 															; get temp result, to divisor.0
(1)   86/     189 : AF                  	plo 	rParam2
(1)   87/     18A : 30 65               	br 		__DIVLoopIncR2IncR2 										; go back, inc r2 twice to counter
(1)   88/     18C :                     
      48/     18C :                     	include 	atoi.asm
(1)    1/     18C :                     ; ***************************************************************************************************************
(1)    2/     18C :                     ; ***************************************************************************************************************
(1)    3/     18C :                     ;
(1)    4/     18C :                     ;		File:		atoi.asm
(1)    5/     18C :                     ;		Purpose:	Extract 16 bit integer from ASCII string.
(1)    6/     18C :                     ;		Author:		Paul Robson (paul@robsons.org.uk)
(1)    7/     18C :                     ;		Date:		9th January 2017.
(1)    8/     18C :                     ;		Size: 		67 bytes.
(1)    9/     18C :                     ;
(1)   10/     18C :                     ; ***************************************************************************************************************
(1)   11/     18C :                     ; ***************************************************************************************************************
(1)   12/     18C :                     
(1)   13/     18C :                     ; *******************************************************************************************************************
(1)   14/     18C :                     ;
(1)   15/     18C :                     ;	Takes one value in rParam1, pointer to a string, returns number read in rParam2.
(1)   16/     18C :                     ;	rParam1 points to the next character after the last one of the number.	
(1)   17/     18C :                     ;	
(1)   18/     18C :                     ;	On exit non-zero if a digit was read.
(1)   19/     18C :                     ;
(1)   20/     18C :                     ; *******************************************************************************************************************
 AS V1.42 Beta [Bld 114] - source file test.asm(atoi.asm) - page 6 - 10/1/2017 17:13:10


(1)   21/     18C :                     
(1)   22/     18C :                     __ATOIExit:
(1)   23/     18C : 2E                  	dec 	rParam1 													; undo the last read, wasn't a digit.
(1)   24/     18D : 42                  	lda 	r2 															; read the flag for 'digits read'
(1)   25/     18E : (MACRO)             	return
(1)   25/     18E : 71                          dis
(1)   26/     18F :                     
(1)   27/     18F :                     ASCIIToInteger:
(1)   28/     18F : E2                  	sex 	r2 															; index back at 2
(1)   29/     190 : F8 00               	ldi 	0 															; clear number read
(1)   30/     192 : AF                  	plo 	rParam2
(1)   31/     193 : BF                  	phi 	rParam2
(1)   32/     194 : 52                  	str 	r2 															; [TOS] is count of digits read okay.
(1)   33/     195 :                     
(1)   34/     195 :                     __ATOILoop:
(1)   35/     195 : 4E                  	lda 	rParam1 													; read next character and bump
(1)   36/     196 : FB 20               	xri 	' ' 														; skip over spaces.
(1)   37/     198 : 32 95               	bz 		__ATOILoop 												
(1)   38/     19A : FB 20               	xri 	' ' 														; fix it back.
(1)   39/     19C : FC C6               	adi 	255-'9' 													; will cause DF if >= '9'
(1)   40/     19E : 33 8C               	bdf 	__ATOIExit
(1)   41/     1A0 : FC 0A               	adi 	10 															; adding 10 will cause NF if < '0'	
(1)   42/     1A2 : 3B 8C               	bnf 	__ATOIExit
(1)   43/     1A4 :                     
(1)   44/     1A4 : 73                  	stxd 																; push digit value, current value of number
(1)   45/     1A5 : 9F                  	ghi 	rParam2  													; on stack.
(1)   46/     1A6 : 73                  	stxd
(1)   47/     1A7 : 8F                  	glo 	rParam2
(1)   48/     1A8 : 52                  	str 	r2
(1)   49/     1A9 :                     
(1)   50/     1A9 :                     __ATOIDoubleRParam2 macro 												; macro that doubles the value in rParam2
(1)   51/     1A9 :                     	glo 	rParam2 													
(1)   52/     1A9 :                     	shl
(1)   53/     1A9 :                     	plo 	rParam2
(1)   54/     1A9 :                     	ghi 	rParam2
(1)   55/     1A9 :                     	rshl
(1)   56/     1A9 :                     	phi 	rParam2
(1)   57/     1A9 :                     	endm
(1)   58/     1A9 :                     
(1)   59/     1A9 : (MACRO)             	__ATOIDoubleRParam2 												; rParam2 * 2
(1)   59/     1A9 : 8F                          glo     rParam2                                                                                                         
(1)   59/     1AA : FE                          shl
(1)   59/     1AB : AF                          plo     rParam2
(1)   59/     1AC : 9F                          ghi     rParam2
(1)   59/     1AD : 7E                          rshl
(1)   59/     1AE : BF                          phi     rParam2
(1)   60/     1AF : (MACRO)             	__ATOIDoubleRParam2 												; rParam2 * 4
(1)   60/     1AF : 8F                          glo     rParam2                                                                                                         
(1)   60/     1B0 : FE                          shl
(1)   60/     1B1 : AF                          plo     rParam2
(1)   60/     1B2 : 9F                          ghi     rParam2
(1)   60/     1B3 : 7E                          rshl
(1)   60/     1B4 : BF                          phi     rParam2
(1)   61/     1B5 : 8F                  	glo 	rParam2 													; add stack values on there.
(1)   62/     1B6 : F4                  	add
(1)   63/     1B7 : AF                  	plo 	rParam2
(1)   64/     1B8 : 12                  	inc 	r2
(1)   65/     1B9 : 9F                  	ghi 	rParam2
(1)   66/     1BA : 74                  	adc
(1)   67/     1BB : BF                  	phi 	rParam2  													; so now rParam * 5
 AS V1.42 Beta [Bld 114] - source file test.asm(atoi.asm) - page 7 - 10/1/2017 17:13:10


(1)   68/     1BC : (MACRO)             	__ATOIDoubleRParam2 												; so now rParam * 10
(1)   68/     1BC : 8F                          glo     rParam2                                                                                                         
(1)   68/     1BD : FE                          shl
(1)   68/     1BE : AF                          plo     rParam2
(1)   68/     1BF : 9F                          ghi     rParam2
(1)   68/     1C0 : 7E                          rshl
(1)   68/     1C1 : BF                          phi     rParam2
(1)   69/     1C2 :                     
(1)   70/     1C2 : 12                  	inc 	r2 															; point to digit value
(1)   71/     1C3 : 8F                  	glo 	rParam2
(1)   72/     1C4 : F4                  	add
(1)   73/     1C5 : AF                  	plo 	rParam2
(1)   74/     1C6 : 9F                  	ghi 	rParam2
(1)   75/     1C7 : 7C 00               	adci 	0
(1)   76/     1C9 : BF                  	phi 	rParam2
(1)   77/     1CA :                     
(1)   78/     1CA : F8 FF               	ldi 	0FFh 														; set the 'read a digit' flag.
(1)   79/     1CC : 52                  	str 	r2 
(1)   80/     1CD : 30 95               	br 		__ATOILoop
(1)   81/     1CF :                     
      49/     1CF :                     
      50/     1CF :                     
 AS V1.42 Beta [Bld 114] - source file test.asm - page 8 - 10/1/2017 17:13:10


  symbol table (* = unused):
  ------------------------

*ARCHITECTURE :                                        x86_64-unknown-linux - |
*ASCIITOINTEGER :               18F C | *BIGENDIAN :                      0 - |
*BRANCHEXT :                      0 - |  BUFFER :                        26 C |
*CASESENSITIVE :                  0 - | *CONSTPI :        3.141592653589793 - |
*DATE :                   10/1/2017 - |  DIVIDE :                       158 C |
*FALSE :                          0 - | *FULLPMMU :                       1 - |
*HAS64 :                          1 - | *HASDSP :                         0 - |
*HASFPU :                         0 - | *HASPMMU :                        0 - |
*INEXTMODE :                      0 - | *INLWORDMODE :                    0 - |
*INMAXMODE :                      0 - | *INSRCMODE :                      0 - |
*INSUPMODE :                      0 - |  INTEGERTOASCII :               102 C |
*LISTON :                         1 - | *MACEXP :                         1 - |
*MOMCPU :                      1802 - | *MOMCPUNAME :                  1802 - |
*MULTIPLY :                     134 C | *NESTMAX :                      100 - |
*PACKING :                        0 - | *PADDING :                        1 - |
*R0 :                             0 - | *R1 :                             1 - |
 R2 :                             2 - | *RELAXED :                        0 - |
 RPARAM1 :                        E - |  RPARAM2 :                        F - |
 RSUBPC :                         D - |  RUTILPC :                        C - |
*TIME :                    17:13:10 - | *TRUE :                           1 - |
*VERSION :                     142F - |  WAIT :                          1E C |
 __ATOIEXIT :                   18C C |  __ATOILOOP :                   195 C |
 __DIVEXIT :                    156 C | *__DIVLOOP :                    167 C |
 __DIVLOOPINCR2 :               166 C |  __DIVLOOPINCR2INCR2 :          165 C |
 __ITOAEXIT :                   100 C |  __ITOALOOP :                   106 C |
 __MULDONTADD :                 148 C |  __MULEXIT :                    12F C |
 __MULLOOP :                    139 C |

     52 symbols
     33 unused symbols

 AS V1.42 Beta [Bld 114] - source file test.asm - page 9 - 10/1/2017 17:13:10


  defined macros:
  ---------------

LDR                                   | RETURN                               
__ATOIDOUBLERPARAM2                   |

      3 macros

 AS V1.42 Beta [Bld 114] - source file test.asm - page 10 - 10/1/2017 17:13:10


  codepages:
  ----------

STANDARD (0 changed characters)


0.00 seconds assembly time

    344 lines source file
    382 lines incl. macro expansions
      2 passes
      0 errors
      0 warnings
